ERROR 2025-07-10 11:02:28,854 log Invalid HTTP_HOST header: 'portfolio.local'. You may need to add 'portfolio.local' to ALLOWED_HOSTS.
Traceback (most recent call last):
  File "/home/tapas/Desktop/r/user__management/venv/lib/python3.12/site-packages/django/core/handlers/exception.py", line 55, in inner
    response = get_response(request)
               ^^^^^^^^^^^^^^^^^^^^^
  File "/home/tapas/Desktop/r/user__management/venv/lib/python3.12/site-packages/django/utils/deprecation.py", line 133, in __call__
    response = self.process_request(request)
               ^^^^^^^^^^^^^^^^^^^^^^^^^^^^^
  File "/home/tapas/Desktop/r/user__management/venv/lib/python3.12/site-packages/django/middleware/common.py", line 48, in process_request
    host = request.get_host()
           ^^^^^^^^^^^^^^^^^^
  File "/home/tapas/Desktop/r/user__management/venv/lib/python3.12/site-packages/django/http/request.py", line 150, in get_host
    raise DisallowedHost(msg)
django.core.exceptions.DisallowedHost: Invalid HTTP_HOST header: 'portfolio.local'. You may need to add 'portfolio.local' to ALLOWED_HOSTS.
ERROR 2025-07-10 11:02:29,017 log Invalid HTTP_HOST header: 'portfolio.local'. You may need to add 'portfolio.local' to ALLOWED_HOSTS.
Traceback (most recent call last):
  File "/home/tapas/Desktop/r/user__management/venv/lib/python3.12/site-packages/django/core/handlers/exception.py", line 55, in inner
    response = get_response(request)
               ^^^^^^^^^^^^^^^^^^^^^
  File "/home/tapas/Desktop/r/user__management/venv/lib/python3.12/site-packages/django/utils/deprecation.py", line 133, in __call__
    response = self.process_request(request)
               ^^^^^^^^^^^^^^^^^^^^^^^^^^^^^
  File "/home/tapas/Desktop/r/user__management/venv/lib/python3.12/site-packages/django/middleware/common.py", line 48, in process_request
    host = request.get_host()
           ^^^^^^^^^^^^^^^^^^
  File "/home/tapas/Desktop/r/user__management/venv/lib/python3.12/site-packages/django/http/request.py", line 150, in get_host
    raise DisallowedHost(msg)
django.core.exceptions.DisallowedHost: Invalid HTTP_HOST header: 'portfolio.local'. You may need to add 'portfolio.local' to ALLOWED_HOSTS.
ERROR 2025-07-10 11:11:34,870 log Invalid HTTP_HOST header: 'portfolio.local'. You may need to add 'portfolio.local' to ALLOWED_HOSTS.
Traceback (most recent call last):
  File "/home/tapas/Desktop/r/user__management/venv/lib/python3.12/site-packages/django/core/handlers/exception.py", line 55, in inner
    response = get_response(request)
               ^^^^^^^^^^^^^^^^^^^^^
  File "/home/tapas/Desktop/r/user__management/venv/lib/python3.12/site-packages/django/utils/deprecation.py", line 133, in __call__
    response = self.process_request(request)
               ^^^^^^^^^^^^^^^^^^^^^^^^^^^^^
  File "/home/tapas/Desktop/r/user__management/venv/lib/python3.12/site-packages/django/middleware/common.py", line 48, in process_request
    host = request.get_host()
           ^^^^^^^^^^^^^^^^^^
  File "/home/tapas/Desktop/r/user__management/venv/lib/python3.12/site-packages/django/http/request.py", line 150, in get_host
    raise DisallowedHost(msg)
django.core.exceptions.DisallowedHost: Invalid HTTP_HOST header: 'portfolio.local'. You may need to add 'portfolio.local' to ALLOWED_HOSTS.
ERROR 2025-07-10 11:11:35,025 log Invalid HTTP_HOST header: 'portfolio.local'. You may need to add 'portfolio.local' to ALLOWED_HOSTS.
Traceback (most recent call last):
  File "/home/tapas/Desktop/r/user__management/venv/lib/python3.12/site-packages/django/core/handlers/exception.py", line 55, in inner
    response = get_response(request)
               ^^^^^^^^^^^^^^^^^^^^^
  File "/home/tapas/Desktop/r/user__management/venv/lib/python3.12/site-packages/django/utils/deprecation.py", line 133, in __call__
    response = self.process_request(request)
               ^^^^^^^^^^^^^^^^^^^^^^^^^^^^^
  File "/home/tapas/Desktop/r/user__management/venv/lib/python3.12/site-packages/django/middleware/common.py", line 48, in process_request
    host = request.get_host()
           ^^^^^^^^^^^^^^^^^^
  File "/home/tapas/Desktop/r/user__management/venv/lib/python3.12/site-packages/django/http/request.py", line 150, in get_host
    raise DisallowedHost(msg)
django.core.exceptions.DisallowedHost: Invalid HTTP_HOST header: 'portfolio.local'. You may need to add 'portfolio.local' to ALLOWED_HOSTS.
ERROR 2025-07-10 11:11:35,741 log Invalid HTTP_HOST header: 'portfolio.local'. You may need to add 'portfolio.local' to ALLOWED_HOSTS.
Traceback (most recent call last):
  File "/home/tapas/Desktop/r/user__management/venv/lib/python3.12/site-packages/django/core/handlers/exception.py", line 55, in inner
    response = get_response(request)
               ^^^^^^^^^^^^^^^^^^^^^
  File "/home/tapas/Desktop/r/user__management/venv/lib/python3.12/site-packages/django/utils/deprecation.py", line 133, in __call__
    response = self.process_request(request)
               ^^^^^^^^^^^^^^^^^^^^^^^^^^^^^
  File "/home/tapas/Desktop/r/user__management/venv/lib/python3.12/site-packages/django/middleware/common.py", line 48, in process_request
    host = request.get_host()
           ^^^^^^^^^^^^^^^^^^
  File "/home/tapas/Desktop/r/user__management/venv/lib/python3.12/site-packages/django/http/request.py", line 150, in get_host
    raise DisallowedHost(msg)
django.core.exceptions.DisallowedHost: Invalid HTTP_HOST header: 'portfolio.local'. You may need to add 'portfolio.local' to ALLOWED_HOSTS.
ERROR 2025-07-10 11:11:35,862 log Invalid HTTP_HOST header: 'portfolio.local'. You may need to add 'portfolio.local' to ALLOWED_HOSTS.
Traceback (most recent call last):
  File "/home/tapas/Desktop/r/user__management/venv/lib/python3.12/site-packages/django/core/handlers/exception.py", line 55, in inner
    response = get_response(request)
               ^^^^^^^^^^^^^^^^^^^^^
  File "/home/tapas/Desktop/r/user__management/venv/lib/python3.12/site-packages/django/utils/deprecation.py", line 133, in __call__
    response = self.process_request(request)
               ^^^^^^^^^^^^^^^^^^^^^^^^^^^^^
  File "/home/tapas/Desktop/r/user__management/venv/lib/python3.12/site-packages/django/middleware/common.py", line 48, in process_request
    host = request.get_host()
           ^^^^^^^^^^^^^^^^^^
  File "/home/tapas/Desktop/r/user__management/venv/lib/python3.12/site-packages/django/http/request.py", line 150, in get_host
    raise DisallowedHost(msg)
django.core.exceptions.DisallowedHost: Invalid HTTP_HOST header: 'portfolio.local'. You may need to add 'portfolio.local' to ALLOWED_HOSTS.
ERROR 2025-07-10 11:11:36,467 log Invalid HTTP_HOST header: 'portfolio.local'. You may need to add 'portfolio.local' to ALLOWED_HOSTS.
Traceback (most recent call last):
  File "/home/tapas/Desktop/r/user__management/venv/lib/python3.12/site-packages/django/core/handlers/exception.py", line 55, in inner
    response = get_response(request)
               ^^^^^^^^^^^^^^^^^^^^^
  File "/home/tapas/Desktop/r/user__management/venv/lib/python3.12/site-packages/django/utils/deprecation.py", line 133, in __call__
    response = self.process_request(request)
               ^^^^^^^^^^^^^^^^^^^^^^^^^^^^^
  File "/home/tapas/Desktop/r/user__management/venv/lib/python3.12/site-packages/django/middleware/common.py", line 48, in process_request
    host = request.get_host()
           ^^^^^^^^^^^^^^^^^^
  File "/home/tapas/Desktop/r/user__management/venv/lib/python3.12/site-packages/django/http/request.py", line 150, in get_host
    raise DisallowedHost(msg)
django.core.exceptions.DisallowedHost: Invalid HTTP_HOST header: 'portfolio.local'. You may need to add 'portfolio.local' to ALLOWED_HOSTS.
ERROR 2025-07-10 11:11:36,664 log Invalid HTTP_HOST header: 'portfolio.local'. You may need to add 'portfolio.local' to ALLOWED_HOSTS.
Traceback (most recent call last):
  File "/home/tapas/Desktop/r/user__management/venv/lib/python3.12/site-packages/django/core/handlers/exception.py", line 55, in inner
    response = get_response(request)
               ^^^^^^^^^^^^^^^^^^^^^
  File "/home/tapas/Desktop/r/user__management/venv/lib/python3.12/site-packages/django/utils/deprecation.py", line 133, in __call__
    response = self.process_request(request)
               ^^^^^^^^^^^^^^^^^^^^^^^^^^^^^
  File "/home/tapas/Desktop/r/user__management/venv/lib/python3.12/site-packages/django/middleware/common.py", line 48, in process_request
    host = request.get_host()
           ^^^^^^^^^^^^^^^^^^
  File "/home/tapas/Desktop/r/user__management/venv/lib/python3.12/site-packages/django/http/request.py", line 150, in get_host
    raise DisallowedHost(msg)
django.core.exceptions.DisallowedHost: Invalid HTTP_HOST header: 'portfolio.local'. You may need to add 'portfolio.local' to ALLOWED_HOSTS.
ERROR 2025-07-10 11:11:38,957 log Invalid HTTP_HOST header: 'portfolio.local'. You may need to add 'portfolio.local' to ALLOWED_HOSTS.
Traceback (most recent call last):
  File "/home/tapas/Desktop/r/user__management/venv/lib/python3.12/site-packages/django/core/handlers/exception.py", line 55, in inner
    response = get_response(request)
               ^^^^^^^^^^^^^^^^^^^^^
  File "/home/tapas/Desktop/r/user__management/venv/lib/python3.12/site-packages/django/utils/deprecation.py", line 133, in __call__
    response = self.process_request(request)
               ^^^^^^^^^^^^^^^^^^^^^^^^^^^^^
  File "/home/tapas/Desktop/r/user__management/venv/lib/python3.12/site-packages/django/middleware/common.py", line 48, in process_request
    host = request.get_host()
           ^^^^^^^^^^^^^^^^^^
  File "/home/tapas/Desktop/r/user__management/venv/lib/python3.12/site-packages/django/http/request.py", line 150, in get_host
    raise DisallowedHost(msg)
django.core.exceptions.DisallowedHost: Invalid HTTP_HOST header: 'portfolio.local'. You may need to add 'portfolio.local' to ALLOWED_HOSTS.
ERROR 2025-07-10 11:11:39,347 log Invalid HTTP_HOST header: 'portfolio.local'. You may need to add 'portfolio.local' to ALLOWED_HOSTS.
Traceback (most recent call last):
  File "/home/tapas/Desktop/r/user__management/venv/lib/python3.12/site-packages/django/core/handlers/exception.py", line 55, in inner
    response = get_response(request)
               ^^^^^^^^^^^^^^^^^^^^^
  File "/home/tapas/Desktop/r/user__management/venv/lib/python3.12/site-packages/django/utils/deprecation.py", line 133, in __call__
    response = self.process_request(request)
               ^^^^^^^^^^^^^^^^^^^^^^^^^^^^^
  File "/home/tapas/Desktop/r/user__management/venv/lib/python3.12/site-packages/django/middleware/common.py", line 48, in process_request
    host = request.get_host()
           ^^^^^^^^^^^^^^^^^^
  File "/home/tapas/Desktop/r/user__management/venv/lib/python3.12/site-packages/django/http/request.py", line 150, in get_host
    raise DisallowedHost(msg)
django.core.exceptions.DisallowedHost: Invalid HTTP_HOST header: 'portfolio.local'. You may need to add 'portfolio.local' to ALLOWED_HOSTS.
ERROR 2025-07-10 11:11:44,380 log Invalid HTTP_HOST header: 'portfolio.local'. You may need to add 'portfolio.local' to ALLOWED_HOSTS.
Traceback (most recent call last):
  File "/home/tapas/Desktop/r/user__management/venv/lib/python3.12/site-packages/django/core/handlers/exception.py", line 55, in inner
    response = get_response(request)
               ^^^^^^^^^^^^^^^^^^^^^
  File "/home/tapas/Desktop/r/user__management/venv/lib/python3.12/site-packages/django/utils/deprecation.py", line 133, in __call__
    response = self.process_request(request)
               ^^^^^^^^^^^^^^^^^^^^^^^^^^^^^
  File "/home/tapas/Desktop/r/user__management/venv/lib/python3.12/site-packages/django/middleware/common.py", line 48, in process_request
    host = request.get_host()
           ^^^^^^^^^^^^^^^^^^
  File "/home/tapas/Desktop/r/user__management/venv/lib/python3.12/site-packages/django/http/request.py", line 150, in get_host
    raise DisallowedHost(msg)
django.core.exceptions.DisallowedHost: Invalid HTTP_HOST header: 'portfolio.local'. You may need to add 'portfolio.local' to ALLOWED_HOSTS.
ERROR 2025-07-10 11:11:44,514 log Invalid HTTP_HOST header: 'portfolio.local'. You may need to add 'portfolio.local' to ALLOWED_HOSTS.
Traceback (most recent call last):
  File "/home/tapas/Desktop/r/user__management/venv/lib/python3.12/site-packages/django/core/handlers/exception.py", line 55, in inner
    response = get_response(request)
               ^^^^^^^^^^^^^^^^^^^^^
  File "/home/tapas/Desktop/r/user__management/venv/lib/python3.12/site-packages/django/utils/deprecation.py", line 133, in __call__
    response = self.process_request(request)
               ^^^^^^^^^^^^^^^^^^^^^^^^^^^^^
  File "/home/tapas/Desktop/r/user__management/venv/lib/python3.12/site-packages/django/middleware/common.py", line 48, in process_request
    host = request.get_host()
           ^^^^^^^^^^^^^^^^^^
  File "/home/tapas/Desktop/r/user__management/venv/lib/python3.12/site-packages/django/http/request.py", line 150, in get_host
    raise DisallowedHost(msg)
django.core.exceptions.DisallowedHost: Invalid HTTP_HOST header: 'portfolio.local'. You may need to add 'portfolio.local' to ALLOWED_HOSTS.
ERROR 2025-07-10 11:11:59,175 log Invalid HTTP_HOST header: 'portfolio.local'. You may need to add 'portfolio.local' to ALLOWED_HOSTS.
Traceback (most recent call last):
  File "/home/tapas/Desktop/r/user__management/venv/lib/python3.12/site-packages/django/core/handlers/exception.py", line 55, in inner
    response = get_response(request)
               ^^^^^^^^^^^^^^^^^^^^^
  File "/home/tapas/Desktop/r/user__management/venv/lib/python3.12/site-packages/django/utils/deprecation.py", line 133, in __call__
    response = self.process_request(request)
               ^^^^^^^^^^^^^^^^^^^^^^^^^^^^^
  File "/home/tapas/Desktop/r/user__management/venv/lib/python3.12/site-packages/django/middleware/common.py", line 48, in process_request
    host = request.get_host()
           ^^^^^^^^^^^^^^^^^^
  File "/home/tapas/Desktop/r/user__management/venv/lib/python3.12/site-packages/django/http/request.py", line 150, in get_host
    raise DisallowedHost(msg)
django.core.exceptions.DisallowedHost: Invalid HTTP_HOST header: 'portfolio.local'. You may need to add 'portfolio.local' to ALLOWED_HOSTS.
ERROR 2025-07-10 11:11:59,375 log Invalid HTTP_HOST header: 'portfolio.local'. You may need to add 'portfolio.local' to ALLOWED_HOSTS.
Traceback (most recent call last):
  File "/home/tapas/Desktop/r/user__management/venv/lib/python3.12/site-packages/django/core/handlers/exception.py", line 55, in inner
    response = get_response(request)
               ^^^^^^^^^^^^^^^^^^^^^
  File "/home/tapas/Desktop/r/user__management/venv/lib/python3.12/site-packages/django/utils/deprecation.py", line 133, in __call__
    response = self.process_request(request)
               ^^^^^^^^^^^^^^^^^^^^^^^^^^^^^
  File "/home/tapas/Desktop/r/user__management/venv/lib/python3.12/site-packages/django/middleware/common.py", line 48, in process_request
    host = request.get_host()
           ^^^^^^^^^^^^^^^^^^
  File "/home/tapas/Desktop/r/user__management/venv/lib/python3.12/site-packages/django/http/request.py", line 150, in get_host
    raise DisallowedHost(msg)
django.core.exceptions.DisallowedHost: Invalid HTTP_HOST header: 'portfolio.local'. You may need to add 'portfolio.local' to ALLOWED_HOSTS.
ERROR 2025-07-10 11:13:29,784 log Invalid HTTP_HOST header: 'portfolio.local'. You may need to add 'portfolio.local' to ALLOWED_HOSTS.
Traceback (most recent call last):
  File "/home/tapas/Desktop/r/user__management/venv/lib/python3.12/site-packages/django/core/handlers/exception.py", line 55, in inner
    response = get_response(request)
               ^^^^^^^^^^^^^^^^^^^^^
  File "/home/tapas/Desktop/r/user__management/venv/lib/python3.12/site-packages/django/utils/deprecation.py", line 133, in __call__
    response = self.process_request(request)
               ^^^^^^^^^^^^^^^^^^^^^^^^^^^^^
  File "/home/tapas/Desktop/r/user__management/venv/lib/python3.12/site-packages/django/middleware/common.py", line 48, in process_request
    host = request.get_host()
           ^^^^^^^^^^^^^^^^^^
  File "/home/tapas/Desktop/r/user__management/venv/lib/python3.12/site-packages/django/http/request.py", line 150, in get_host
    raise DisallowedHost(msg)
django.core.exceptions.DisallowedHost: Invalid HTTP_HOST header: 'portfolio.local'. You may need to add 'portfolio.local' to ALLOWED_HOSTS.
ERROR 2025-07-10 11:13:29,917 log Invalid HTTP_HOST header: 'portfolio.local'. You may need to add 'portfolio.local' to ALLOWED_HOSTS.
Traceback (most recent call last):
  File "/home/tapas/Desktop/r/user__management/venv/lib/python3.12/site-packages/django/core/handlers/exception.py", line 55, in inner
    response = get_response(request)
               ^^^^^^^^^^^^^^^^^^^^^
  File "/home/tapas/Desktop/r/user__management/venv/lib/python3.12/site-packages/django/utils/deprecation.py", line 133, in __call__
    response = self.process_request(request)
               ^^^^^^^^^^^^^^^^^^^^^^^^^^^^^
  File "/home/tapas/Desktop/r/user__management/venv/lib/python3.12/site-packages/django/middleware/common.py", line 48, in process_request
    host = request.get_host()
           ^^^^^^^^^^^^^^^^^^
  File "/home/tapas/Desktop/r/user__management/venv/lib/python3.12/site-packages/django/http/request.py", line 150, in get_host
    raise DisallowedHost(msg)
django.core.exceptions.DisallowedHost: Invalid HTTP_HOST header: 'portfolio.local'. You may need to add 'portfolio.local' to ALLOWED_HOSTS.
